<testsuites name="jest tests">
  <testsuite name="undefined" errors="0" failures="0" skipped="0" timestamp="2021-03-04T09:10:56" time="5.07" tests="1">
    <testcase classname=" renders without crashing" name=" renders without crashing" time="2.443">
    </testcase>
  </testsuite>
</testsuites>